Traceback (most recent call last):
  File "C:\Users\Иван\Desktop\compphys_lpr\venv\Lib\site-packages\jupyter_core\utils\__init__.py", line 154, in wrapped
    asyncio.get_running_loop()
    ~~~~~~~~~~~~~~~~~~~~~~~~^^
RuntimeError: no running event loop

During handling of the above exception, another exception occurred:

Traceback (most recent call last):
  File "C:\Users\Иван\Desktop\compphys_lpr\venv\Lib\site-packages\jupyter_cache\executors\utils.py", line 58, in single_nb_execution
    executenb(
    ~~~~~~~~~^
        nb,
        ^^^
    ...<4 lines>...
        **kwargs,
        ^^^^^^^^^
    )
    ^
  File "C:\Users\Иван\Desktop\compphys_lpr\venv\Lib\site-packages\nbclient\client.py", line 1319, in execute
    return NotebookClient(nb=nb, resources=resources, km=km, **kwargs).execute()
           ~~~~~~~~~~~~~~~~~~~~~~~~~~~~~~~~~~~~~~~~~~~~~~~~~~~~~~~~~~~~~~~~~~~^^
  File "C:\Users\Иван\Desktop\compphys_lpr\venv\Lib\site-packages\jupyter_core\utils\__init__.py", line 158, in wrapped
    return loop.run_until_complete(inner)
           ~~~~~~~~~~~~~~~~~~~~~~~^^^^^^^
  File "C:\Users\Иван\AppData\Local\Programs\Python\Python313\Lib\asyncio\base_events.py", line 725, in run_until_complete
    return future.result()
           ~~~~~~~~~~~~~^^
  File "C:\Users\Иван\Desktop\compphys_lpr\venv\Lib\site-packages\nbclient\client.py", line 709, in async_execute
    await self.async_execute_cell(
        cell, index, execution_count=self.code_cells_executed + 1
    )
  File "C:\Users\Иван\Desktop\compphys_lpr\venv\Lib\site-packages\nbclient\client.py", line 1062, in async_execute_cell
    await self._check_raise_for_error(cell, cell_index, exec_reply)
  File "C:\Users\Иван\Desktop\compphys_lpr\venv\Lib\site-packages\nbclient\client.py", line 918, in _check_raise_for_error
    raise CellExecutionError.from_cell_and_msg(cell, exec_reply_content)
nbclient.exceptions.CellExecutionError: An error occurred while executing the following cell:
------------------
from sklearn.utils.extmath import cartesian

def curve(f, x_lim: tuple, y_lim: tuple):
    x = np.linspace(x_lim[0], x_lim[1], 1000)
    y = np.linspace(y_lim[0], y_lim[1], 1000)
    points = cartesian([x, y])

    eps = 1e-2 # регулирует толщину контура
    mask = (np.apply_along_axis(f, 1, points) <= 0 + eps) & (np.apply_along_axis(f, 1, points) >= 0 - eps)
    filtered_points = points[mask]

    return filtered_points[:, 0], filtered_points[:, 1]
------------------


[31m---------------------------------------------------------------------------[39m
[31mModuleNotFoundError[39m                       Traceback (most recent call last)
[36mCell[39m[36m [39m[32mIn[28][39m[32m, line 1[39m
[32m----> [39m[32m1[39m [38;5;28;01mfrom[39;00m[38;5;250m [39m[34;01msklearn[39;00m[34;01m.[39;00m[34;01mutils[39;00m[34;01m.[39;00m[34;01mextmath[39;00m[38;5;250m [39m[38;5;28;01mimport[39;00m cartesian
[32m      3[39m [38;5;28;01mdef[39;00m[38;5;250m [39m[34mcurve[39m(f, x_lim: [38;5;28mtuple[39m, y_lim: [38;5;28mtuple[39m):
[32m      4[39m     x = np.linspace(x_lim[[32m0[39m], x_lim[[32m1[39m], [32m1000[39m)

[31mModuleNotFoundError[39m: No module named 'sklearn'

